05:32:26 **** Incremental Build of configuration Debug for project lab2 ****
make -j8 all 
arm-none-eabi-gcc "../Core/Src/main.c" -mcpu=cortex-m3 -std=gnu11 -g3 -DDEBUG -DUSE_HAL_DRIVER -DSTM32F103x6 -c -I../Core/Inc -I../Drivers/STM32F1xx_HAL_Driver/Inc -I../Drivers/STM32F1xx_HAL_Driver/Inc/Legacy -I../Drivers/CMSIS/Device/ST/STM32F1xx/Include -I../Drivers/CMSIS/Include -O0 -ffunction-sections -fdata-sections -Wall -fstack-usage -MMD -MP -MF"Core/Src/main.d" -MT"Core/Src/main.o" --specs=nano.specs -mfloat-abi=soft -mthumb -o "Core/Src/main.o"
arm-none-eabi-gcc "../Core/Src/software_timer0.c" -mcpu=cortex-m3 -std=gnu11 -g3 -DDEBUG -DUSE_HAL_DRIVER -DSTM32F103x6 -c -I../Core/Inc -I../Drivers/STM32F1xx_HAL_Driver/Inc -I../Drivers/STM32F1xx_HAL_Driver/Inc/Legacy -I../Drivers/CMSIS/Device/ST/STM32F1xx/Include -I../Drivers/CMSIS/Include -O0 -ffunction-sections -fdata-sections -Wall -fstack-usage -MMD -MP -MF"Core/Src/software_timer0.d" -MT"Core/Src/software_timer0.o" --specs=nano.specs -mfloat-abi=soft -mthumb -o "Core/Src/software_timer0.o"
arm-none-eabi-gcc "../Core/Src/software_timer1.c" -mcpu=cortex-m3 -std=gnu11 -g3 -DDEBUG -DUSE_HAL_DRIVER -DSTM32F103x6 -c -I../Core/Inc -I../Drivers/STM32F1xx_HAL_Driver/Inc -I../Drivers/STM32F1xx_HAL_Driver/Inc/Legacy -I../Drivers/CMSIS/Device/ST/STM32F1xx/Include -I../Drivers/CMSIS/Include -O0 -ffunction-sections -fdata-sections -Wall -fstack-usage -MMD -MP -MF"Core/Src/software_timer1.d" -MT"Core/Src/software_timer1.o" --specs=nano.specs -mfloat-abi=soft -mthumb -o "Core/Src/software_timer1.o"
../Core/Src/main.c: In function 'main':
../Core/Src/main.c:100:3: warning: implicit declaration of function 'setTimer0' [-Wimplicit-function-declaration]
  100 |   setTimer0(250);
      |   ^~~~~~~~~
../Core/Src/main.c:101:3: warning: implicit declaration of function 'setTimer1' [-Wimplicit-function-declaration]
  101 |   setTimer1(1000);
      |   ^~~~~~~~~
../Core/Src/main.c:113:8: warning: implicit declaration of function 'get_timer1_flag_value' [-Wimplicit-function-declaration]
  113 |    if (get_timer1_flag_value()) {
      |        ^~~~~~~~~~~~~~~~~~~~~
../Core/Src/main.c:118:8: warning: implicit declaration of function 'get_timer0_flag_value' [-Wimplicit-function-declaration]
  118 |    if (get_timer0_flag_value()) {
      |        ^~~~~~~~~~~~~~~~~~~~~
../Core/Src/main.c: In function 'HAL_TIM_PeriodElapsedCallback':
../Core/Src/main.c:308:3: warning: implicit declaration of function 'timer0_run' [-Wimplicit-function-declaration]
  308 |   timer0_run();
      |   ^~~~~~~~~~
../Core/Src/main.c:312:3: warning: implicit declaration of function 'timer1_run' [-Wimplicit-function-declaration]
  312 |   timer1_run();
      |   ^~~~~~~~~~
arm-none-eabi-gcc -o "lab2.elf" @"objects.list"   -mcpu=cortex-m3 -T"C:\Users\THIENGO_WIN\Desktop\mcu\hcmut-mcu\lab\lab2-timer-interrupt-and-led-scanning\code\lab2\STM32F103C6TX_FLASH.ld" --specs=nosys.specs -Wl,-Map="lab2.map" -Wl,--gc-sections -static --specs=nano.specs -mfloat-abi=soft -mthumb -Wl,--start-group -lc -lm -Wl,--end-group
Finished building target: lab2.elf
 
arm-none-eabi-size   lab2.elf 
arm-none-eabi-objdump -h -S  lab2.elf  > "lab2.list"
arm-none-eabi-objcopy  -O ihex  lab2.elf  "lab2.hex"
arm-none-eabi-objcopy  -O binary  lab2.elf  "lab2.bin"
   text	   data	    bss	    dec	    hex	filename
   7776	     52	   1732	   9560	   2558	lab2.elf
Finished building: default.size.stdout
 
Finished building: lab2.bin
Finished building: lab2.hex
 
 
Finished building: lab2.list
 

05:32:29 Build Finished. 0 errors, 6 warnings. (took 3s.79ms)

