19:46:48 **** Incremental Build of configuration Debug for project lab3 ****
make -j8 all 
arm-none-eabi-gcc "../Core/Src/main.c" -mcpu=cortex-m3 -std=gnu11 -g3 -DDEBUG -DUSE_HAL_DRIVER -DSTM32F103x6 -c -I../Core/Inc -I../Drivers/STM32F1xx_HAL_Driver/Inc -I../Drivers/STM32F1xx_HAL_Driver/Inc/Legacy -I../Drivers/CMSIS/Device/ST/STM32F1xx/Include -I../Drivers/CMSIS/Include -O0 -ffunction-sections -fdata-sections -Wall -fstack-usage -MMD -MP -MF"Core/Src/main.d" -MT"Core/Src/main.o" --specs=nano.specs -mfloat-abi=soft -mthumb -o "Core/Src/main.o"
../Core/Src/main.c: In function 'main':
../Core/Src/main.c:94:3: warning: implicit declaration of function 'setTimer' [-Wimplicit-function-declaration]
   94 |   setTimer(1, 10);
      |   ^~~~~~~~
../Core/Src/main.c:102:8: warning: implicit declaration of function 'get_timer_flag_value' [-Wimplicit-function-declaration]
  102 |    if (get_timer_flag_value(1)) {
      |        ^~~~~~~~~~~~~~~~~~~~
../Core/Src/main.c:103:5: warning: implicit declaration of function 'traffic_light_processing_fsm' [-Wimplicit-function-declaration]
  103 |     traffic_light_processing_fsm();
      |     ^~~~~~~~~~~~~~~~~~~~~~~~~~~~
arm-none-eabi-gcc -o "lab3.elf" @"objects.list"   -mcpu=cortex-m3 -T"C:\Users\THIENGO_WIN\Desktop\mcu\hcmut-mcu\lab\lab3-buttons-switches\code\lab3\STM32F103C6TX_FLASH.ld" --specs=nosys.specs -Wl,-Map="lab3.map" -Wl,--gc-sections -static --specs=nano.specs -mfloat-abi=soft -mthumb -Wl,--start-group -lc -lm -Wl,--end-group
Finished building target: lab3.elf
 
arm-none-eabi-size   lab3.elf 
arm-none-eabi-objdump -h -S  lab3.elf  > "lab3.list"
arm-none-eabi-objcopy  -O ihex  lab3.elf  "lab3.hex"
arm-none-eabi-objcopy  -O binary  lab3.elf  "lab3.bin"
   text	   data	    bss	    dec	    hex	filename
   9192	    120	   1704	  11016	   2b08	lab3.elf
Finished building: default.size.stdout
 
Finished building: lab3.hex
Finished building: lab3.bin
 
 
Finished building: lab3.list
 
