18:44:14 **** Incremental Build of configuration Debug for project lab1-output-code ****
make -j8 all 
arm-none-eabi-gcc "../Core/Src/led_matrix.c" -mcpu=cortex-m3 -std=gnu11 -g3 -DDEBUG -DUSE_HAL_DRIVER -DSTM32F103x6 -c -I../Core/Inc -I../Drivers/STM32F1xx_HAL_Driver/Inc -I../Drivers/STM32F1xx_HAL_Driver/Inc/Legacy -I../Drivers/CMSIS/Device/ST/STM32F1xx/Include -I../Drivers/CMSIS/Include -O0 -ffunction-sections -fdata-sections -Wall -fstack-usage -MMD -MP -MF"Core/Src/led_matrix.d" -MT"Core/Src/led_matrix.o" --specs=nano.specs -mfloat-abi=soft -mthumb -o "Core/Src/led_matrix.o"
../Core/Src/led_matrix.c:33:17: warning: 'ledMatrixColPins' defined but not used [-Wunused-variable]
   33 | static uint16_t ledMatrixColPins[NUMBER_OF_COLS] = {
      |                 ^~~~~~~~~~~~~~~~
arm-none-eabi-gcc -o "lab1-output-code.elf" @"objects.list"   -mcpu=cortex-m3 -T"C:\Users\THIENGO_WIN\Desktop\mcu\hcmut-mcu\lab\lab1-output\code\lab1-output-code\STM32F103C6TX_FLASH.ld" --specs=nosys.specs -Wl,-Map="lab1-output-code.map" -Wl,--gc-sections -static --specs=nano.specs -mfloat-abi=soft -mthumb -Wl,--start-group -lc -lm -Wl,--end-group
Finished building target: lab1-output-code.elf
 
arm-none-eabi-size   lab1-output-code.elf 
arm-none-eabi-objdump -h -S  lab1-output-code.elf  > "lab1-output-code.list"
arm-none-eabi-objcopy  -O ihex  lab1-output-code.elf  "lab1-output-code.hex"
arm-none-eabi-objcopy  -O binary  lab1-output-code.elf  "lab1-output-code.bin"
   text	   data	    bss	    dec	    hex	filename
   5056	     68	   1580	   6704	   1a30	lab1-output-code.elf
Finished building: default.size.stdout
 
Finished building: lab1-output-code.hex
Finished building: lab1-output-code.bin
 
 
Finished building: lab1-output-code.list
 

18:44:15 Build Finished. 0 errors, 1 warnings. (took 857ms)

